[   0.0000] itialincgro ssys us
[   .0000]nializg roupubs cp
[   .00000 Iitiazi cgrp bsyspuct
  .00000Liux vsi 4.4-9genec uildlc1-03(g versi 5.0 2609 (Ubuntu 4.0-buu1~104) ) 21buntu P e Oc10144: UTC01(Ubuu 4.0-.12generi4.90)   0.0000 Cmma le: BT_AGE=oovmliz-4.0-8-neic rot=UD=d76b-ace46-8b2170b3ed30  cnsole=y1conse=yS0
[  00000] RNELuprtedpu:
[  0000] InteGeuinete
[  0.00000]  A AthentiMD
[   0.00000] CetaurenurHas[   .0000]x8fp: xsteffse2] 576xste_ses]:  25
[   00000 x86puSuppti XSA fture 01'x87 foang pinreister
    0.00] x8fp Suprtg XSE atur0x: 'S riste'[    00000] 6/u: Suprtng XVEeaturex0: 'A riste'[   .0000] x86/f: Enle xta fture0x contextiz is 83byes, usg standardfomat.
  0.0000x86/fpu Ung'laz F conxtwitcs.
[    00000] 20BIOSroded ysal R m:
[    00000]BI-e20: [m 0x0000000000-0x000000fb] usle
[  0.0000 BS-820:me0x0000000900x000000009ff] serv
   00000 BI-e0: [m 0000000f000-x000000000ff] reered
[   .0000]IOe820[m 0x0000001000x00000dfefff]sale
  0.0000 BS-e8: em 000000dfff00-x00000fffff]CPI ta
[  0.00000]BI-e20: em0x0000fec000x000000f00fff]esrved
[  .00000 BOS-e0:mem 000000e000-000000f00f] rerv
[  00000 BS-e8: em 0000000ff00-0x000000fffffff]esrved
  0.0000] OS-e0:mem 0000010000-0x000011fffff usae[  00000 N(Exeteisableprectionacive   0.000 SMBIO2.presen
    0000] Hersor dect: KV
[  0.0000 e82 lst_pn 0x200 x_archfn= 0x00000
[   0.0000 MR:Disale
[   0.0000 x86ATMTRRdibled, skpig PAinialiti too
[  0.000 CPUTR all ban- irtualid yste
   00000] 86/PA Cfigurti [07]:     UCUCWB  T C-UC  [   0000] 20last_pn = dfffmaarch_pfn =x4000000
[   0000] fndMP Mtae at [em 000fff0x009ff] ppedt fff8009fff]    0.00] Scnig  are f lowemy corrptn
[  0.00000]AMSK: [m 0354300x36a6f]
[  0000] PI: Eay ble ecum verictiodibled
  0.0000 ACP: DP0x00000000 0004 02 VX 
[  0000000] PI XSD0x000000FF03 00003(v1 VB  BOXXT 000001ASL 00001)
[  0.0000AC: FA 000000DF00F00F4 (4 OX  VBXFCP000001SL  0061)   0.0000]ACPIDS 0x00000000FF048002F (v02BO   VXBS 0000 INT200528
[    .00000AC: FAS 000000DF020 0040
[  0.0000] ACP FCS 000000DFF02 00040   0.000000ACPI: AP 0000000FF024000C (v VX   VBAP 00000ASL  0061)
[  00000 API: DTx000000FF02B000CC (1 OX  BOPUT 0002 ITL 201528)[   0.00000] o NU cfiguatn ound
[  .00000 Fking ne atme0x0000000000x00000fffff]
[  0.0000NO_DAT0)llocedmem 0xff7000x1ffbf][   .00000] kvclck: in mrs 4641 an4b4d00[   0.00] kvm-cloc cpu, r 1:fe01, rirycpu oc
    0.000] vmlok: ungched offt f 451066 cle
[  0.0000] ocourc k-clo: sk: ffffffffffffmax_cls: 0cde4df, x_id_n 88105483 
   0000] Zneanes:
[   .00000  A    [m 0x00000010-0x00000000ffff]
[  0.0000  A32  [m 0x0000010000-0000000ffff][   .0000]  rml   emx00000100000x00000fffff]
[    0.0000] Deice   emy
[  00000 Mableonstarfoeach ne[   .0000] Erlmeory deanges
   00000  no  : [m 000000000000-00000000eff]   0.000   ne   0:[memx00000000000x00000fffff][   0000] no   0[mm 0x000010000-0x000011ffff]
[  0.00000] Initmem setup node 0 [mem 0x0000000000001000-0x000000011fffffff]    0.000]ACPIPMimerO rt: x48
[   0.0000 IOAPIC[: pic_ 4versn 2,addrs fec000 GS 023[   0.000] ACP: T_SROV (bus0 s_irq glal_i 2fl d)[    0000] PIINT_C_R (b 0us_irq gbal_q low ve
[  00000 Ung AI MADTforSM cfirati iormaon
[  0.0000smpoo: Alwi 4 Cs,0 holu CPU
[   0000] P Risterenove mor [me0x0000-00000f]
[  0.0000 P Regted noveemor [m 0x0900-000fff][   .0000] P Regisre nosa mory:me0x00a0000x00ff]
[   0000 P Regted noveemor [m 0x0f00-000fff][   0.000]PM: gieredose mery[mem0xff000-dfffff
[    0.0000] : egstred osave moy: [m xe0000-0xfeffff]
[   00000]M: Riseredosve mor [me0xc000-0ec00fff]
[  .0000]M: Risred sa memor [emxf0100-0fefffff]
  .0000]M: Regteed navmemo: em 0fe000-0xe0ff]
[  .00000 P Rgistedosavmery: emxfee01000xffbff]
[    00000]M:egisrennose emor [em 0ff0000xfffff]    0.000]82 [me0x00000-xfebff avaab forCIevic
   0000] Bti pariralizederel oKV
[  0.0000] ocsourcereinedifies:as: 0xfffff x_cles0xffffffma_idle_: 6455602156ns
[  00000 sup_pcp NR_CP:52 nrpusk_bs:2 nrpuds:4 n_ne_id1[  00000 PCPU:mbded  pge/cpuff8801c000 s932r819d327 u5288
[  .00000PVspinochah tae trie 2 (orde 0 409byte)
[   00000]uit 1 nests i Ne rder, biity ouing .  Tot pges: 327
[   .000] licyon Norl[   .0000]erl coan lin BOT_IGE=/oovmnuz-4.0-8-gerirootUI=d70b2-ace46d-8b217180b3e60o cool=ttycosoe=yS
[  00000 P hash bl entes4096 (de: 3,27 bytes
[  0.0000Mery: 202K/438K avlae (84Kernel od 194K wda,39K data14K in, 31K s,73416Kesved, 0cm-resve
[    00000] UBHWalig64 Ord=03, MObcts= Cs=4,od=1
[  00000 Hrarchil U imemtation
[   00000] ui-timadstmentf eaf anuto 64
[  0.0000 	RCU stictingPU fro NR_US=5 tnr_c_i=4.
[  00000 R: Adstg geet forcuanoutea64, nr_u_ds=4[   0000] _IS:334 _irq:4 1
   00000 Cnsol cour VG+ 8025
  0.0000conse ty1]naed
  0.0000 csole[tS0 enaed
[    0.000000] tsc: Detected 2808.000 MHz processor
[   37.981275] Calibrating delay loop (skipped) preset value.. 5616.00 BogoMIPS (lpj=11232000)
[   38.241151] pid_max: default: 32768 minimum: 301
[   38.355749] ACPI: Core revision 20150930
[   38.469521] ACPI: 2 ACPI AML tables successfully acquired and loaded
[   38.662223] Security Framework initialized
[   38.792052] Yama: becoming mindful.
[   38.892066] AppArmor: AppArmor initialized
[   39.011630] Dentry cache hash table entries: 524288 (order: 10, 4194304 bytes)
[   39.202714] Inode-cache hash table entries: 262144 (order: 9, 2097152 bytes)
[   39.393167] Mount-cache hash table entries: 8192 (order: 4, 65536 bytes)
[   39.578603] Mountpoint-cache hash table entries: 8192 (order: 4, 65536 bytes)
[   39.800660] Initializing cgroup subsys io
[   39.911421] Initializing cgroup subsys memory
[   40.036603] Initializing cgroup subsys devices
[   40.173142] Initializing cgroup subsys freezer
[   40.281125] Initializing cgroup subsys net_cls
[   40.408938] Initializing cgroup subsys perf_event
[   40.534871] Initializing cgroup subsys net_prio
[   40.664241] Initializing cgroup subsys hugetlb
[   40.796828] Initializing cgroup subsys pids
[   40.924090] CPU: Physical Processor ID: 0
[   41.043438] CPU: Processor Core ID: 0
[   41.153129] mce: CPU supports 0 MCE banks
[   41.276530] Last level iTLB entries: 4KB 64, 2MB 8, 4MB 8
[   41.394206] Last level dTLB entries: 4KB 64, 2MB 0, 4MB 0, 1GB 4
[   41.581466] Freeing SMP alternatives memory: 32K
[   41.708912] ftrace: allocating 32154 entries in 126 pages
[   41.902568] smpboot: APIC(0) Converting physical 0 to logical package 0
[   42.100604] smpboot: Max logical packages: 1
[   42.232183] x2apic enabled
[   42.317045] Switched APIC routing to physical x2apic.
[   42.466264] ..TIMER: vector=0x30 apic1=0 pin1=2 apic2=-1 pin2=-1
[   42.753724] smpboot: CPU0: Intel(R) Core(TM) i7-7700HQ CPU @ 2.80GHz (family: 0x6, model: 0x9e, stepping: 0x9)
[   43.043922] Performance Events: unsupported p6 CPU model 158 no PMU driver, software events only.
[   43.276312] KVM setup paravirtual spinlock
[   43.400846] x86: Booting SMP configuration:
[   43.539992] .... node  #0, CPUs:      #1
[   43.635218] kvm-clock: cpu 1, msr 1:1ffef041, secondary cpu clock
[   43.785578] mce: CPU supports 0 MCE banks
[   43.857239]  #2
[   43.899253] kvm-clock: cpu 2, msr 1:1ffef081, secondary cpu clock
[   44.081881] mce: CPU supports 0 MCE banks
[   44.189758]  #3
[   44.226963] kvm-clock: cpu 3, msr 1:1ffef0c1, secondary cpu clock
[   44.387648] mce: CPU supports 0 MCE banks
[   44.463991] x86: Booted up 1 node, 4 CPUs
[   44.579279] smpboot: Total of 4 processors activated (22464.00 BogoMIPS)
[   44.774837] devtmpfs: initialized
[   44.862802] evm: security.selinux
[   44.934147] evm: security.SMACK64
[   45.020961] evm: security.SMACK64EXEC
[   45.126221] evm: security.SMACK64TRANSMUTE
[   45.234248] evm: security.SMACK64MMAP
[   45.340525] evm: security.ima
[   45.427974] evm: security.capability
[   45.526388] clocksource: jiffies: mask: 0xffffffff max_cycles: 0xffffffff, max_idle_ns: 7645041785100000 ns
[   45.793765] futex hash table entries: 1024 (order: 4, 65536 bytes)
[   45.981429] pinctrl core: initialized pinctrl subsystem
[   46.094969] RTC time: 22:34:11, date: 11/26/17
[   46.227359] NET: Registered protocol family 16
[   46.356813] cpuidle: using governor ladder
[   46.488802] cpuidle: using governor menu
[   46.607697] PCCT header not found.
[   46.711125] ACPI: bus type PCI registered
[   46.826993] acpiphp: ACPI Hot Plug PCI Controller Driver version: 0.5
[   47.014771] PCI: Using configuration type 1 for base access
[   47.181350] ACPI: Added _OSI(Module Device)
[   47.306508] ACPI: Added _OSI(Processor Device)
[   47.425854] ACPI: Added _OSI(3.0 _SCP Extensions)
[   47.555078] ACPI: Added _OSI(Processor Aggregator Device)
[   47.703526] ACPI: Executed 1 blocks of module-level executable AML code
[   47.871202] ACPI: Interpreter enabled
[   47.981761] ACPI: (supports S0 S5)
[   48.081303] ACPI: Using IOAPIC for interrupt routing
[   48.197929] PCI: Using host bridge windows from ACPI; if necessary, use "pci=nocrs" and report a bug
[   48.431944] ACPI: PCI Root Bridge [PCI0] (domain 0000 [bus 00-ff])
[   48.608131] acpi PNP0A03:00: _OSC: OS supports [ASPM ClockPM Segments MSI]
[   48.803104] acpi PNP0A03:00: _OSC: not requesting OS control; OS requires [ExtendedConfig ASPM ClockPM MSI]
[   49.081215] acpi PNP0A03:00: fail to add MMCONFIG information, can't access extended PCI configuration space under this bridge.
[   49.391991] PCI host bridge to bus 0000:00
[   49.517546] pci_bus 0000:00: root bus resource [io  0x0000-0x0cf7 window]
[   49.714649] pci_bus 0000:00: root bus resource [io  0x0d00-0xffff window]
[   49.905893] pci_bus 0000:00: root bus resource [mem 0x000a0000-0x000bffff window]
[   50.117065] pci_bus 0000:00: root bus resource [mem 0xe0000000-0xfdffffff window]
[   50.341262] pci_bus 0000:00: root bus resource [bus 00-ff]
[   50.473657] pci 0000:00:01.1: legacy IDE quirk: reg 0x10: [io  0x01f0-0x01f7]
[   50.672656] pci 0000:00:01.1: legacy IDE quirk: reg 0x14: [io  0x03f6]
[   50.858786] pci 0000:00:01.1: legacy IDE quirk: reg 0x18: [io  0x0170-0x0177]
[   51.064108] pci 0000:00:01.1: legacy IDE quirk: reg 0x1c: [io  0x0376]
[   51.282002] pci 0000:00:07.0: quirk: [io  0x4000-0x403f] claimed by PIIX4 ACPI
[   51.465534] pci 0000:00:07.0: quirk: [io  0x4100-0x410f] claimed by PIIX4 SMB
[   51.672576] ACPI: PCI Interrupt Link [LNKA] (IRQs 5 9 10 *11)
[   51.813990] ACPI: PCI Interrupt Link [LNKB] (IRQs 5 9 *10 11)
[   51.965290] ACPI: PCI Interrupt Link [LNKC] (IRQs 5 *9 10 11)
[   52.118204] ACPI: PCI Interrupt Link [LNKD] (IRQs 5 9 10 *11)
[   52.266671] ACPI: Enabled 2 GPEs in block 00 to 07
[   52.400944] vgaarb: setting as boot device: PCI:0000:00:02.0
[   52.538711] vgaarb: device added: PCI:0000:00:02.0,decodes=io+mem,owns=io+mem,locks=none
[   52.729532] vgaarb: loaded
[   52.806896] vgaarb: bridge control possible 0000:00:02.0
[   52.954027] SCSI subsystem initialized
[   53.068490] ACPI: bus type USB registered
[   53.180240] usbcore: registered new interface driver usbfs
[   53.345639] usbcore: registered new interface driver hub
[   53.491993] usbcore: registered new device driver usb
[   53.626943] PCI: Using ACPI for IRQ routing
[   53.716973] NetLabel: Initializing
[   53.819857] NetLabel:  domain hash size = 128
[   53.941510] NetLabel:  protocols = UNLABELED CIPSOv4
[   54.081589] NetLabel:  unlabeled traffic allowed by default
[   54.254481] amd_nb: Cannot enumerate AMD northbridges
[   54.411553] clocksource: Switched to clocksource kvm-clock
[   .551 AArr:ppmoFisyteEnle
[ 55583]npPnP AC it  5.99] p:nPCP: un3 vis  6.41] ocoue: ai_: as 0fff x_cl: ffffmaid_n 2571024 n
[   .120 N: Registeredrocofaly
  7.2986TCesblhe has tablentes328 rd:  2144 bys)[ 58939]CPinha tlentes328 rdr:7,5288yt)
[ 59.85] P:as tlecoigedesblhe328 nd27)  0.17] P hashab eri: 48orr:, 536bys)[ 60203]DPit hash blenri: 2048orr:, 53bys)
[  1.99] T:egiseredrocofaly
  2.548] pi 000:.0Liti decPCPCtrsfs  2.54] i 000:.0Actiti I D hg rkous  3.73] paininras.
[ 64158]rengnid mo: 37
  5.607] PCIDMA: insowa boue ffinfoIOSWOTLB)  5.76] oftware IO TLB [mem 0xdbff0000-0xdfff0000] (64MB) mapped at [ffff8800dbff0000-ffff8800dffeffff]
[   .288 patfo r_cs:egted atrmTCeve o P deceou)  7.47] anningorowemy rrti ery0 cods
[ 67017]scReneTSclksrccalibrio 27.2 z
[   68.650694] clocksource: tsc: mask: 0xffffffffffffffff max_cycles: 0x2876f0972f4, max_idle_ns: 440795346964 ns
[   68.961826] audit: initializing netlink subsys (disabled)
[   .13211aut:yp2000audi(11762011)iniaze

[   69.818107] Initialise system trusted keyring
[   69.948622] HugeTLB registered 2 MB page size, pre-allocated 0 pages
[   70.131779] zbud: loaded
[   70.200801] VFS: Disk quotas dquot_6.6.0
[   70.327782] VFS: Dquot-cache hash table entries: 512 (order 0, 4096 bytes)
[   70.542864] squashfs: version 4.0 (2009/01/31) Phillip Lougher
[   702375 fe it(APIeron.2
  1.68] y ype bikey rested[ 719964 Allocatin I M a bcksteyng
[   72.208876] Key type asymmetric registered
[   72.286981] Asymmetric key parser 'x509' registered
[   72.425656] Block layer SCSI generic (bsg) driver version 0.4 loaded (major 249)
[   72.633364] io scheduler noop registered
[   72.752102] io scheduler deadline registered (default)
[   72.915183] io scheduler cfq registered
[   .057 pi_hopl: I otPlg PCCoreeron0.
[ 736419] pciep: P Ere HotPlugonolr iv vsi: 4
[ 74.3970AC: C daerAC(on-ne
[ 74882117int:ow BtoasdeceLNXSTM:0LNWR:0int/pu
[   .723 AI:ow Bto[PF][ 764862] put:le Btoasdece/LXSYSTM0/XSBN:00/int/pu1  77.136 AI:leep Bton [SF]
[   77.534 GS: HES i not ebl!   7.5575]CP Bte St AT (attey est)
[  8.10] ril: 8250/65 dve, 32pos,RQhangnaed[ 7932243]00:02:tt0  I 0f8ir= , bae_ud 120 ia 55
  0.31] nu agprt iterce0.3
[   .625 loo mulloded
[   80.993397] scsi host0: ata_piix
[   81.073993] scsi host1: ata_piix
[   81.162440] ata1: PATA max UDMA/33 cmd 0x1f0 ctl 0x3f6 bmdma 0xd000 irq 14
[   81.376661] ata2: PATA max UDMA/33 cmd 0x170 ctl 0x376 bmdma 0xd008 irq 15
[   .578] ibphy: Fxed MD B: obed
   89747tu UvealUNAPdevie river, 1.6
[ 82974]un(C199-2004axrayans <xkuaomco>  3.834] P gener dveveio2.2
[   83.752981] ehci_hcd: USB 2.0 'Enhanced' Host Controller (EHCI) Driver
[   83.959531] ehci-pci: EHCI PCI platform driver
[   84.100492] ehci-platform: EHCI generic platform driver
[   84.258536] ohci_hcd: USB 1.1 'Open' Host Controller (OHCI) Driver
[   84.444550] ohci-pci: OHCI PCI platform driver
[   4.80] ciplatfo: CIener ptfm iv
[   .151 ucihcd: UB nivealosCoroerInteace drive
[ 854952] i842PN P2 ntll [P03:S2K,P03:P2Matx60x i 12
[   .752 serio i42BDoratx60x i 1
[  7.3939seioi82 X rtat 0x60x6 i 1
[ 87649]oude P2 usdeice mmon f a me
[   88.618021] rtc_cmos rtc_cmos: rtc core: registered rtc_cmos as rtc0
[   88.787473] rtc_cmos rtc_cmos: alarms up to one day, 114 bytes nvram
[   88.977756] i2c /dev entries driver
[   89.079231] input: AT Translated Set 2 keyboard as /devices/platform/i8042/serio0/input/input2
[ 893259] deceapp: ve: ersio 10.3
[   89.821379] device-mapper: ioctl: 4.34.0-ioctl (2015-10-28) initialised: dm-devel@redhat.com
[   90.093638] ledtrig-cpu: registered to indicate activity on CPUs
[   90.279519] NET: Registered protocol family 10
[   90.415187] NET: Registered protocol family 17
[   90.535692] Key type dns_resolver registered
[   90.670442] microcode: CPU0 sig=0x906e9, pf=0x8, revision=0x0
[   90.827238] microcode: CPU1 sig=0x906e9, pf=0x8, revision=0x0
[   91.014315] microcode: CPU2 sig=0x906e9, pf=0x8, revision=0x0
[   91.202840] microcode: CPU3 sig=0x906e9, pf=0x8, revision=0x0
[   91.395891] microcode: Microcode Update Driver: v2. <gr@aazn.snet.co.k>, teOrua
  1.00] gier tkstsversn 1
[ 92.407097] Loading compiled-in X.509 certificates
[ 92913]Loded X.509 rtBud ime tonetekeel k: 31eda5145ae00f8e08fe1d8'[   93860]sw: oaded usng pool o/ud

[   94.133313] Key type trusted registered
[   94.247832] Key type encrypted registered
[   94.367038] AppArmor: AppArmor sha1 policy hashing enabled
[   94.542215] ima: No TPM chip found, activating TPM-bypass!
[   94.716083] evm: HMAC attrs: 0x1
[   94.808831]   Magic number: 9:350:604
[   94.919071] rtc_cmos rtc_cmos: setting system clock to 2017-11-26 22:35:00 UTC (1511735700)
[   95.169260] BIOS EDD facility v0.16 2004-Jun-25, 0 devices found
[   95.318931] EDD information not available.
[   95.432863] Freeing unused kernel memory: 1492K
[   96.030757] Write protecting the kernel read-only data: 14336k
[   96.836804] Freeing unused kernel memory: 1744K
[   97.403680] Freeing unused kernel memory: 108K
Loading, please [   98.000259] random: systemd-udevd: uninitialized urandom read (16 bytes read, 13 bits of entropy available)
wait...
startin[   98.000870] random: udevadm: uninitialized urandom read (16 bytes read, 13 bits of entropy available)
g version 229
[   98.000899] random: udevadm: uninitialized urandom read (16 bytes read, 13 bits of entropy available)
[   98.001155] random: udevadm: uninitialized urandom read (16 bytes read, 13 bits of entropy available)
[   98.001184] random: udevadm: uninitialized urandom read (16 bytes read, 13 bits of entropy available)
[   98.001213] random: udevadm: uninitialized urandom read (16 bytes read, 13 bits of entropy available)
[   98.001240] random: udevadm: uninitialized urandom read (16 bytes read, 13 bits of entropy available)
[   98.001268] random: udevadm: uninitialized urandom read (16 bytes read, 13 bits of entropy available)
[   98.001300] random: udevadm: uninitialized urandom read (16 bytes read, 13 bits of entropy available)
[   98.001330] random: udevadm: uninitialized urandom read (16 bytes read, 13 bits of entropy available)
[  100.754288] Fusion MPT base driver 3.04.20
[  100.848991] Copyright (c) 1999-2008 LSI Corporation
[  100.997140] e1000: Intel(R) PRO/1000 Network Driver - version 7.3.21-k8-NAPI
[  101.198143] e1000: Copyright (c) 1999-2006 Intel Corporation.
[  101.383438] Fusion MPT SPI Host driver 3.04.20
[  101.553768] AVX2 version of gcm_enc/dec engaged.
[  101.689242] AES CTR mode by8 optimization enabled
[  101.814603] input: ImExPS/2 Generic Explorer Mouse as /devices/platform/i8042/serio1/input/input4
[  101.928435] e1000 0000:00:03.0 eth0: (PCI:33MHz:32-bit) 02:14:68:3e:84:47
[  101.928440] e1000 0000:00:03.0 eth0: Intel(R) PRO/1000 Network Connection
[  101.929271] mptbase: ioc0: Initiating bringup
[  101.991792] ioc0: LSI53C1030 A0: Capabilities={Initiator}
[  102.154233] scsi host2: ioc0: LSI53C1030 A0, FwRev=00000000h, Ports=1, MaxQ=256, IRQ=20
[  102.236428] e1000 0000:00:03.0 enp0s3: renamed from eth0
[  102.272446] scsi 2:0:0:0: Direct-Access     VBOX     HARDDISK         1.0  PQ: 0 ANSI: 5
[  102.272450] scsi target2:0:0: Beginning Domain Validation
[  102.274952] scsi target2:0:0: Domain Validation skipping write tests
[  102.274953] scsi target2:0:0: Ending Domain Validation
[  102.275110] scsi target2:0:0: asynchronous
[  102.276090] scsi 2:0:1:0: Direct-Access     VBOX     HARDDISK         1.0  PQ: 0 ANSI: 5
[  102.276110] scsi target2:0:1: Beginning Domain Validation
[  102.277492] scsi target2:0:1: Domain Validation skipping write tests
[  102.277493] scsi target2:0:1: Ending Domain Validation
[  102.277526] scsi target2:0:1: asynchronous
[  102.280844] sd 2:0:0:0: Attached scsi generic sg0 type 0
[  102.281010] sd 2:0:1:0: Attached scsi generic sg1 type 0
[  102.281257] sd 2:0:0:0: [sda] 20971520 512-byte logical blocks: (10.7 GB/10.0 GiB)
[  102.281483] sd 2:0:0:0: [sda] Write Protect is off
[  102.281613] sd 2:0:0:0: [sda] Incomplete mode parameter data
[  102.281614] sd 2:0:0:0: [sda] Assuming drive cache: write through
[  102.284208]  sda: sda1
[  102.284712] sd 2:0:0:0: [sda] Attached SCSI disk
[  102.284772] sd 2:0:1:0: [sdb] 20480 512-byte logical blocks: (10.5 MB/10.0 MiB)
[  102.284864] sd 2:0:1:0: [sdb] Write Protect is off
[  102.284927] sd 2:0:1:0: [sdb] Incomplete mode parameter data
[  102.284927] sd 2:0:1:0: [sdb] Assuming drive cache: write through
[  102.287299] sd 2:0:1:0: [sdb] Attached SCSI disk
[  103.863983] floppy0: no floppy controllers found
Begin: Loading e[  108.045774] md: linear personality registered for level -1
ssential drivers[  108.210218] md: multipath personality registered for level -4
 ... [  108.358099] md: raid0 personality registered for level 0
[  108.498123] md: raid1 personality registered for level 1
[  108.719653] raid6: sse2x1   gen() 10428 MB/s
[  108.907888] raid6: sse2x1   xor()  8162 MB/s
[  109.103646] raid6: sse2x2   gen() 12612 MB/s
[  109.295785] raid6: sse2x2   xor()  9229 MB/s
[  109.492110] raid6: sse2x4   gen() 12414 MB/s
[  109.687861] raid6: sse2x4   xor() 10196 MB/s
[  109.875891] raid6: avx2x1   gen() 20840 MB/s
[  110.075752] raid6: avx2x2   gen() 23661 MB/s
[  110.272000] raid6: avx2x4   gen() 26791 MB/s
[  110.400776] raid6: using algorithm avx2x4 gen() 26791 MB/s
[  110.556395] raid6: using avx2x2 recovery algorithm
[  110.685392] xor: automatically using best checksumming function:
[  110.895849]    avx       : 22451.000 MB/sec
[  111.027639] async_tx: api initialized (async)
[  111.170294] md: raid6 personality registered for level 6
[  111.334204] md: raid5 personality registered for level 5
[  111.488173] md: raid4 personality registered for level 4
[  111.631339] md: raid10 personality registered for level 10
done.
Begin: Running /scripts/i[  111.729406] Btrfs loaded
nit-premount ... done.
Begin: Mounting root fil[  111.846989] EXT4-fs (sda1): INFO: recovery required on readonly filesystem
e system ... Beg[  112.066762] EXT4-fs (sda1): write access will be enabled during recovery
in: Running /scripts/local-top ... done.
Begin: Running /scripts/local-premount ... Scanning for Btrfs filesystems
done.
Warning: fsck not pr[  112.468479] random: nonblocking pool is initialized
esent, so skipping root file system
[  113.480262] EXT4-fs (sda1): recovery complete
[  114.212938] EXT4-fs (sda1): mounted filesystem with ordered data mode. Opts: (null)
done.
Begin: Running /scripts/local-bottom ... done.
Begin: Running /scripts/init-bottom ... done.
[  115.850455] systemd[1]: systemd 229 running in system mode. (+PAM +AUDIT +SELINUX +IMA +APPARMOR +SMACK +SYSVINIT +UTMP +LIBCRYPTSETUP +GCRYPT +GNUTLS +ACL +XZ -LZ4 +SECCOMP +BLKID +ELFUTILS +KMOD -IDN)
[  116.253047] systemd[1]: Detected virtualization oracle.
[  116.404754] systemd[1: tecedrcittue x86-64.

Welcome to [1mUbuntu 16.04.3 LTS[0m!

[ 16974]systemd1] Setosame  <ubtuenl>

[  117.849568] systemd[1]: Listening on Journal Audit Socket.
[[0;32m  OK  [0m] Listening on Journal Audit Socket.
[  118.035873] systemd[1]: Listening on /dev/initctl Compatibility Named Pipe.
[[0;32m  OK  [0m] Listening on /dev/initctl Compatibility Named Pipe.
[  118.280334] systemd[1]: Listening on LVM2 metadata daemon socket.
[[0;32m  OK  [0m] Listening on LVM2 metadata daemon socket.
[  118.440054] systemd[1]: Listening on LVM2 poll daemon socket.
[[0;32m  OK  [0m] Listening on LVM2 poll daemon socket.
[  118.620713] systemd[1]: Created slice User and Session Slice.
[[0;32m  OK  [0m] Created slice User and Session Slice.
[  118.783937] systemd[1]: Reached target Encrypted Volumes.
[[0;32m  OK  [0m] Reached target Encrypted Volumes.
[  118.956571] systemd[1]: Listening on udev Control Socket.
[[0;32m  OK  [0m] Listening on udev Control Socket.
[  119.148134] systemd[1]: Listening on Journal Socket.
[[0;32m  OK  [0m] Listening on Journal Socket.
[  119.335974] systemd[1]: Listening on Device-mapper event daemon FIFOs.
[[0;32m  OK  [0m] Listening on Device-mapper event daemon FIFOs.
[  119.532049] systemd[1]: Reached target User and Group Name Lookups.
[[0;32m  OK  [0m] Reached target User and Group Name Lookups.
[  119.776860] systemd[1]: Listening on udev Kernel Socket.
[[0;32m  OK  [0m] Listening on udev Kernel Socket.
[  119.991951] systemd[1]: Started Trigger resolvconf update for networkd DNS.
[[0;32m  OK  [0m] Started Trigger resolvconf update for networkd DNS.
[  120.320972] systemd[1]: Created slice System Slice.
[[0;32m  OK  [0m] Created slice System Slice.
[  120.496049] systemd[1]: Mounting Huge Pages File System...
         Mounting Huge Pages File System...
[  120.744487] systemd[1]: Starting Monitoring of LVM2 mirrors, snapshots etc. using dmeventd or progress polling...
         Starting Monitoring of LVM2 mirrors... dmeventd or progress polling...
[  121.132204] systemd[1]: Starting Load Kernel Modules...
[  121.2595]oading iSCSI transport class2.87
         Startin[  121.600227] iscsi: registered transport (tcp)
g Load Kernel Modules...
[  121.774865] iscsi: registered transport (iser)
[  121.900168] systemd[1]: Starting Set console keymap...
         Starting Set console keymap...
[  122.128334] systemd[1]: Mounting Debug File System...
         Mounting Debug File System...
[  122.280239] systemd[1]: Created slice system-serial\x2dgetty.slice.
[[0;32m  OK  [0m] Created slice system-serial\x2dgetty.slice.
[  122.492183] systemd[1]: Starting Nameserver information manager...
         Starting Nameserver information manager...
[  122.676409] systemd[1]: Mounting POSIX Message Queue File System...
         Mounting POSIX Message Queue File System...
[  122.900303] systemd[1]: Starting Remount Root and Kernel File Systems...
[  122.908652] EXT4-fs (sda1): re-mounted. Opts: (null)
         Starting Remount Root and Kernel File Systems...
[  123.199873] systemd[1]: Starting Create list of required static device nodes for the current kernel...
         Starting Create list of required st... nodes for the current kernel...
[  123.534348] systemd[1]: Reached target Slices.
[[0;32m  OK  [0m] Reached target Slices.
[  123.664185] systemd[1]: Starting Uncomplicated firewall...
         Starting Uncomplicated firewall...
[  123.768161] systemd[1]: Set up automount Arbitrary Executable File Formats File System Automount Point.
[[0;32m  OK  [0m] Set up automount Arbitrary Executab...ats File System Automount Point.
[  123.996009] systemd[1]: Started Forward Password Requests to Wall Directory Watch.
[[0;32m  OK  [0m] Started Forward Password Requests to Wall Directory Watch.
[  124.183806] systemd[1]: Reached target System Time Synchronized.
[[0;32m  OK  [0m] Reached target System Time Synchronized.
[  124.343909] systemd[1]: Listening on Syslog Socket.
[[0;32m  OK  [0m] Listening on Syslog Socket.
[  124.455251] systemd[1]: Reached target Swap.
[[0;32m  OK  [0m] Reached target Swap.
[  124.612255] systemd[1]: Listening on Journal Socket (/dev/log).
[[0;32m  OK  [0m] Listening on Journal Socket (/dev/log).
[  124.871744] systemd[1]: Starting Journal Service...
         Starting Journal Service...
[  125.052877] systemd[1]: Mounted Debug File System.
[[0;32m  OK  [0m] Mounted Debug File System.
[  125.188054] systemd[1]: Mounted Huge Pages File System.
[[0;32m  OK  [0m] Mounted Huge Pages File System.
[  125.319907] systemd[1]: Mounted POSIX Message Queue File System.
[[0;32m  OK  [0m] Mounted POSIX Message Queue File System.
[  125.488318] systemd[1]: Started Journal Service.
[[0;32m  OK  [0m] Started Journal Service.
[[0;32m  OK  [0m] Started Load Kernel Modules.
[[0;32m  OK  [0m] Started Set console keymap.
[[0;32m  OK  [0m] Started Remount Root and Kernel File Systems.
[[0;32m  OK  [0m] Started Create list of required sta...ce nodes for the current kernel.
[[0;32m  OK  [0m] Started Uncomplicated firewall.
[[0;32m  OK  [0m] Started Nameserver information manager.
[[0;32m  OK  [0m] Started LVM2 metadata daemon.
         Starting Create Static Device Nodes in /dev...
         Starting udev Coldplug all Devices...
         Starting Initial cloud-init job (pre-networking)...
         Starting Load/Save Random Seed...
         Starting Apply Kernel Variables...
         Mounting FUSE Control File System...
         Starting Flush Journal to Persistent Storage...
[[0;32m  OK  [0m] Mounted FUSE Control File System.
[[0;32m  OK  [0m] Started Monitoring of LVM2 mirrors,...ng dmeventd or progress polling.
[[0;32m  OK  [0m] Started Create Static Device Nodes in /dev.
[[0;32m  OK  [0m] Started Load/Save Random Seed.
[[0;32m  OK  [0m] Started Apply Kernel Variables.
[[0;32m  OK  [0m] Started udev Coldplug all Devices.
[[0;32m  OK  [0m] Started Flush Journal to Persistent Storage.
         Starting udev Kernel Device Manager...
[[0;32m  OK  [0m] Started udev Kernel Device Manager.
[   74.546425] cloud-init[476]: Cloud-init v. 0.7.9 running 'init-local' at Sun, 26 Nov 2017 22:35:32 +0000. Up 74.32 seconds.
[[0;32m  OK  [0m] Found device /dev/ttyS0.
[[0;32m  OK  [0m] Started Initial cloud-init job (pre-networking).
[[0;32m  OK  [0m] Reached target Network (Pre).
[[0;32m  OK  [0m] Listening on Load/Save RF Kill Switch Status /dev/rfkill Watch.
[[0;32m  OK  [0m] Started Dispatch Password Requests to Console Directory Watch.
[[0;32m  OK  [0m] Reached target Local File Systems (Pre).
[[0;32m  OK  [0m] Reached target Local File Systems.
         Starting LSB: AppArmor initialization...
         Starting Set console font and keymap...
         Starting Create Volatile Files and Directories...
         Starting Tell Plymouth To Write Out Runtime Data...
[[0;32m  OK  [0m] Started Set console font and keymap.
[[0;32m  OK  [0m] Started Create Volatile Files and Directories.
[[0;32m  OK  [0m] Started Tell Plymouth To Write Out Runtime Data.
[[0;32m  OK  [0m] Found device 82540EM Gigabit Ethern...r (PRO/1000 MT Desktop Adapter).
         Starting Update UTMP about System Boot/Shutdown...
[[0;32m  OK  [0m] Created slice system-getty.slice.
[[0;32m  OK  [0m] Started LSB: AppArmor initialization.
         Starting Raise network interfaces...
[[0;32m  OK  [0m] Started ifup for enp0s3.
[[0;32m  OK  [0m] Started Update UTMP about System Boot/Shutdown.
[[0;32m  OK  [0m] Started Raise network interfaces.
[[0;32m  OK  [0m] Reached target Network.
         Starting Initial cloud-init job (metadata service crawler)...
[   78.472938] cloud-init[998]: Cloud-init v. 0.7.9 running 'init' at Sun, 26 Nov 2017 22:35:36 +0000. Up 78.12 seconds.
[   78.560606] [cloud-init[0;32m  OK  [0m[998]: ] ci-info: +++++++++++++++++++++++++++++++++++++Net device info++++++++++++++++++++++++++++++++++++++Started Initial cloud-init job (metadata service crawler).

[   78.560909] cloud-init[998]: ci-info: +--------+------+----------------------------+---------------+-------+-------------------+
[   78.969463] [cloud-init[0;32m  OK  [0m[998]: ] ci-info: | Device |  Up  |          Address           |      Mask     | Scope |     Hw-Address    |Reached target Cloud-config availability.

[[   78.970191] [0;32m  OK  [0mcloud-init] [998]: Reached target System Initialization.ci-info: +--------+------+----------------------------+---------------+-------+-------------------+

[   79.417130] [cloud-init[0;32m  OK  [0m[998]: ] ci-info: | enp0s3 | True |         10.0.2.15          | 255.255.255.0 |   .   | 02:14:68:3e:84:47 |Started Daily Cleanup of Temporary Directories.

[   79.417844] [cloud-init[0;32m  OK  [0m[998]: ] ci-info: | enp0s3 | True | fe80::14:68ff:fe3e:8447/64 |       .       |  link | 02:14:68:3e:84:47 |Listening on D-Bus System Message Bus Socket.

[   79.752393] [cloud-init[0;32m  OK  [0m[998]: ] ci-info: |   lo   | True |         127.0.0.1          |   255.0.0.0   |   .   |         .         |Listening on ACPID Listen Socket.

         [   79.752814] Starting LXD - unix socket.cloud-init
[998]: ci-info: |   lo   | True |          ::1/128           |       .       |  host |         .         |
[   80.128403]          cloud-initStarting Socket activation for snappy daemon.[998]: 
ci-info: +--------+------+----------------------------+---------------+-------+-------------------+
[   80.284354] cloud-init[998]: ci-info: +++++++++++++++++++++++++++Route IPv4 info++++++++++++++++++++++++++++
[[0;32m  OK  [0m] Started Timer to automatically refresh installed snaps.
[[0;32m  OK  [0m] Listening on UUID daemon activation socket.
[   80.284827] cloud-init[998]: ci-info: +-------+-------------+----------+---------------+-----------+-------+
[   80.656438] cloud-init[998]: ci-info: | Route | Destination | Gateway  |    Genmask    | Interface | Flags |
[[0;32m  OK  [0m] Started Timer to automatically fetch and run repair assertions.
[   80.656904] cloud-init[998]: ci-info: +-------+-------------+----------+---------------+-----------+-------+
[   80.944038] [cloud-init[0;32m  OK  [0m[998]: ] ci-info: |   0   |   0.0.0.0   | 10.0.2.2 |    0.0.0.0    |   enp0s3  |   UG  |Started ACPI Events Check.

[[   80.944485] [0;32m  OK  [0mcloud-init] [998]: Reached target Paths.ci-info: |   1   |   10.0.2.0  | 0.0.0.0  | 255.255.255.0 |   enp0s3  |   U   |

[   81.224471] [ccoud-init[0;32m  OK  [0m[998]: ] ci-info: +-------+-------------+----------+---------------+-----------+-------+Reached target Network is Online.

         Starting iSCSI initiator daemon (iscsid)...
[[0;32m  OK  [0m] Started Daily apt download activities.
[[0;32m  OK  [0m] Started Daily apt upgrade and clean activities.
[[0;32m  OK  [0m] Reached target Timers.
[[0;32m  OK  [0m] Listening on LXD - unix socket.
[[0;32m  OK  [0m] Listening on Socket activation for snappy daemon.
[[0;32m  OK  [0m] Started iSCSI initiator daemon (iscsid).
         Starting Login to default iSCSI targets...
[[0;32m  OK  [0m] Reached target Sockets.
[[0;32m  OK  [0m] Reached target Basic System.
         Starting System Logging Service...
[[0;32m  OK  [0m] Started ACPI event daemon.
         Starting Login Service...
         Starting LSB: Record successful boot for GRUB...
[[0;32m  OK  [0m] Started Regular background program processing daemon.
[[0;32m  OK  [0m] Started FUSE filesystem for LXC.
         Starting Accounts Service...
         Starting LSB: MD monitoring daemon...
         Starting OpenBSD Secure Shell server...
[[0;32m  OK  [0m] Started D-Bus System Message Bus.
         Starting Automatically fetch and run repair assertions...
         Starting vboxadd.service...
[[0;32m  OK  [0m] Started Deferred execution scheduler.
         Starting /etc/rc.local Compatibility...
         Starting Apply the settings specified in cloud-config...
         Starting Snappy daemon...
         Starting LXD - container startup/shutdown...
[[0;32m  OK  [0m] Started Unattended Upgrades Shutdown.
[[0;32m  OK  [0m] Started System Logging Service.
[[0;32m  OK  [0m] Started OpenBSD Secure Shell server.
[[0;32m  OK  [0m] Started Snappy daemon.
[[0;32m  OK  [0m] Started Automatically fetch and run repair assertions.
[[0;32m  OK  [0m] Started vboxadd.service.
[   83.265645] cloud-init[1128]: Cloud-init v. 0.7.9 running 'modules:config' at Sun, 26 Nov 2017 22:35:41 +0000. Up 83.15 seconds.
[[0;32m  OK  [0m] Started /etc/rc.local Compatibility.
[[0;32m  OK  [0m] Started Apply the settings specified in cloud-config.
[[0;32m  OK  [0m] Started LXD - container startup/shutdown.
[[0;32m  OK  [0m] Started Login to default iSCSI targets.
[[0;32m  OK  [0m] Started LSB: Record successful boot for GRUB.
[[0;32m  OK  [0m] Started LSB: MD monitoring daemon.
[[0;32m  OK  [0m] Started Login Service.
         Starting Authenticate and Authorize Users to Run Privileged Tasks...
[[0;32m  OK  [0m] Reached target Remote File Systems (Pre).
[[0;32m  OK  [0m] Reached target Remote File Systems.
         Starting LSB: Set the CPU Frequency Scaling governor to "ondemand"...
         Starting Permit User Sessions...
         Starting LSB: automatic crash report generation...
         Starting LSB: daemon to balance interrupts for SMP systems...
         Starting vboxadd-service.service...
         Starting Auto import assertions from block devices...
[[0;32m  OK  [0m] Started Permit User Sessions.
[[0;1;31mFAILED[0m] Failed to start vboxadd-service.service.
See 'systemctl status vboxadd-service.service' for details.
[[0;32m  OK  [0m] Started Auto import assertions from block devices.
[[0;32m  OK  [0m] Started Authenticate and Authorize Users to Run Privileged Tasks.
[[0;32m  OK  [0m] Started Accounts Service.
[[0;32m  OK  [0m] Started LSB: Set the CPU Frequency Scaling governor to "ondemand".
[[0;32m  OK  [0m] Started LSB: automatic crash report generation.
[[0;32m  OK  [0m] Created slice User Slice of ubuntu.
         Starting User Manager for UID 1000...
[[0;32m  OK  [0m] Started Session 1 of user ubuntu.
         Starting Terminate Plymouth Boot Screen...
         Starting Hold until boot process finishes up...
[[0;32m  OK  [0m] Started User Manager for UID 1000.
[[0;32m  OK  [0m] Started LSB: daemon to balance interrupts for SMP systems.
[[0;32m  OK  [0m] Started Terminate Plymouth Boot Screen.
[[0;32m  OK  [0m] Started Hold until boot process finishes up.
         Starting Set console scheme...
[[0;32m  OK  [0m] Started Serial Getty on ttyS0.
[[0;32m  OK  [0m] Started Getty on tty1.
[[0;32m  OK  [0m] Reached target Login Prompts.
[[0;32m  OK  [0m] Reached target Multi-User System.
         Starting Execute cloud user/final scripts...
[[0;32m  OK  [0m] Reached target Graphical Interface.
         Starting Update UTMP about System Runlevel Changes...
[[0;32m  OK  [0m] Started Set console scheme.
[[0;32m  OK  [0m] Started Update UTMP about System Runlevel Changes.
[   86.893552] cloud-init[1269]: Cloud-init v. 0.7.9 running 'modules:final' at Sun, 26 Nov 2017 22:35:45 +0000. Up 86.76 seconds.
[   87.169041] [cloud-init[0;32m  OK  [0m[1269]: ] Cloud-init v. 0.7.9 finished at Sun, 26 Nov 2017 22:35:45 +0000. Datasource DataSourceNoCloud [seed=/dev/sdb][dsmode=net].  Up 86.88 secondsStarted Execute cloud user/final scripts.

         Starting Daily apt download activities...
[[0;32m  OK  [0m] Reached target Cloud-init target.
         Stopping User Manager for UID 1000...
[[0;32m  OK  [0m] Stopped User Manager for UID 1000.
[[0;32m  OK  [0m] Removed slice User Slice of ubuntu.

Ubuntu 16.04.3 LTS ubuntu-xenial ttyS0

ubuntu-xenial login: [[0;32m  OK  [0m] Started ACPI event daemon.
         Stopping LSB: automatic crash report generation...
[[0;32m  OK  [0m] Stopped LSB: automatic crash report generation.
[[0;32m  OK  [0m] Started ACPI event daemon.
[[0;32m  OK  [0m] Started ACPI event daemon.
[[0;32m  OK  [0m] Started ACPI event daemon.
[[0;32m  OK  [0m] Started ACPI event daemon.
[[0;32m  OK  [0m] Started ACPI event daemon.
         Starting LSB: automatic crash report generation...
[[0;32m  OK  [0m] Started LSB: automatic crash report generation.
[[0;32m  OK  [0m] Started ACPI event daemon.
[[0;32m  OK  [0m] Created slice User Slice of ubuntu.
         Starting User Manager for UID 1000...
[[0;32m  OK  [0m] Started Session 2 of user ubuntu.
[[0;32m  OK  [0m] Started User Manager for UID 1000.
         Stopping User Manager for UID 1000...
[[0;32m  OK  [0m] Stopped User Manager for UID 1000.
[[0;32m  OK  [0m] Removed slice User Slice of ubuntu.
[[0;32m  OK  [0m] Created slice User Slice of ubuntu.
         Starting User Manager for UID 1000...
[[0;32m  OK  [0m] Started Session 3 of user ubuntu.
[[0;32m  OK  [0m] Started User Manager for UID 1000.
[[0;32m  OK  [0m] Started ACPI event daemon.
[[0;32m  OK  [0m] Started Daily apt upgrade and clean activities.
